%!Adobe-FontList 1.16
%Locale:0x409

%BeginFont
Handler:DirectoryHandler
FontType:Type1
FontName:MrsEavesBold
FamilyName:MrsEaves
StyleName:Bold
MenuName:MrsEavesBold
StyleBits:2
WeightClass:700
WidthClass:5
AngleClass:0
FullName:MrsEavesBold
WritingScript:Roman
OutlineFileName:\MrsEavBol
DataFormat:POSTResource
UsesStandardEncoding:no
isCFF:no
FileLength:42377
FileModTime:1403689556
DesignSize:-1
%EndFont

%BeginFont
Handler:DirectoryHandler
FontType:Suitcase
FontName:MrsEavesBold
OutlineFileName:\MrsEavesBold.fam
ResourceID:9031
MacStyle:0
FileLength:29995
FileModTime:1403689556
%EndFont

%BeginFont
Handler:DirectoryHandler
FontType:Suitcase
FontName:MrsEavesItalic
OutlineFileName:\MrsEavesItalic.fam
ResourceID:9033
MacStyle:0
FileLength:27927
FileModTime:1403689441
%EndFont

%BeginFont
Handler:DirectoryHandler
FontType:Suitcase
FontName:MrsEavesRoman
OutlineFileName:\MrsEavesRoman.fam
ResourceID:9035
MacStyle:0
FileLength:37334
FileModTime:1403689524
%EndFont

%BeginFont
Handler:DirectoryHandler
FontType:Type1
FontName:MrsEavesItalic
FamilyName:MrsEaves
StyleName:Italic
MenuName:MrsEavesItalic
StyleBits:1
WeightClass:400
WidthClass:5
AngleClass:1
FullName:MrsEavesItalic
WritingScript:Roman
OutlineFileName:\MrsEavIta
DataFormat:POSTResource
UsesStandardEncoding:no
isCFF:no
FileLength:45035
FileModTime:1403689441
DesignSize:-1
%EndFont

%BeginFont
Handler:DirectoryHandler
FontType:Type1
FontName:MrsEavesRoman
FamilyName:MrsEaves
StyleName:Roman
MenuName:MrsEavesRoman
StyleBits:0
WeightClass:400
WidthClass:5
AngleClass:0
FullName:MrsEavesRoman
WritingScript:Roman
OutlineFileName:\MrsEavRom
DataFormat:POSTResource
UsesStandardEncoding:no
isCFF:no
FileLength:41895
FileModTime:1403689524
DesignSize:-1
%EndFont

